<?xml version="1.0" encoding="UTF-8"?><mappingRoot xmlns="http://www.ibm.com/2008/ccl/Mapping" domainID="com.ibm.msl.mapping.xml" domainIDExtension="mb" mainMap="true" targetNamespace="default" version="8.0.5.0" xmlns:map="default">
    <inlinedXMLSchema><![CDATA[<?xml version="1.0" encoding="UTF-8"?><xsd:schema xmlns:xsd="http://www.w3.org/2001/XMLSchema"> 
    <xsd:element name="em" nillable="true"> 
    <xsd:complexType> 
      <xsd:sequence> 
        <xsd:element name="name" nillable="true" type="xsd:string"/> 
      </xsd:sequence> 
    </xsd:complexType> 
  </xsd:element> 
    <xsd:element name="emp" nillable="true"> 
    <xsd:complexType> 
      <xsd:sequence> 
        <xsd:element name="name" nillable="true" type="xsd:string"/> 
        <xsd:element name="id" nillable="true" type="xsd:string"/> 
      </xsd:sequence> 
    </xsd:complexType> 
  </xsd:element> 
</xsd:schema>]]></inlinedXMLSchema>
    <input path="/mappingdatabase.xsd" var="var2"/>
    <input inlinedXMLSchema="true" path="../schema_0.xsd" var="var1"/>
    <output path="jar:file://!com/ibm/etools/mft/map/xsds/predefined/JsonDomainMsg.xsd" var="var"/>
    <output path="jar:file://!com/ibm/etools/mft/map/xsds/predefined/JsonDomainMsg.xsd" var="var3"/>
    <generation engine="xquery"/>
    <mappingDeclaration name="StringMethods_Mapping">
        <input path="$var2/mb:msg(employee,assembly,XMLNSC,Properties)" var="MessageAssembly"/>
        <output namespace="http://www.ibm.com/iib/msl/json" path="$var/mb:msg(JSON,assembly,JSON,Properties)" var="MessageAssembly1">
            <cast castType="userDefined" path="$MessageAssembly1/JSON/Data/type('anyType')" qualifier="{http://www.ibm.com/iib/msl/json}JSONObject" ref="var"/>
            <cast castType="userDefined" path="$MessageAssembly1/JSON/spath('Data',2)/any" qualifier="emp" ref="var1"/>
            <cast castType="userDefined" path="$MessageAssembly1/JSON/spath('Data',2)/any" qualifier="em" ref="var1"/>
        </output>
        <move>
            <input path="$MessageAssembly/Properties" var="Properties"/>
            <output path="$MessageAssembly1/Properties"/>
        </move>
        <condition>
            <if>
                <input path="$MessageAssembly/employee" var="employee"/>
                <output path="$MessageAssembly1/JSON/spath('Data',2)/emp"/>
                <test lang="xpath">$employee/id = '22'</test>
                <move>
                    <input path="$employee/name" var="name"/>
                    <output path="name"/>
                </move>
                <move>
                    <input path="$employee/id" var="id"/>
                    <output path="id"/>
                </move>
            </if>
            <else>
                <input path="$MessageAssembly/employee" var="emp"/>
                <output path="$MessageAssembly1/JSON/spath('Data',2)/em"/>
                <move>
                    <input path="$emp/id" var="id6"/>
                    <output path="name"/>
                </move>
            </else>
        </condition>
    </mappingDeclaration>
</mappingRoot>